197, 107 -> Path Exists!
65, 99 -> Path Exists!
237, 206 -> No Path Exists.
129, 194 -> No Path Exists.
43, 215 -> Path Exists!
86, 203 -> Path Exists!
180, 238 -> No Path Exists.
207, 115 -> No Path Exists.
21, 216 -> Path Exists!
116, 16 -> Path Exists!
130, 116 -> Path Exists!
124, 179 -> No Path Exists.
143, 36 -> No Path Exists.
81, 239 -> Path Exists!
201, 146 -> Path Exists!
194, 212 -> Path Exists!
138, 57 -> No Path Exists.
202, 122 -> No Path Exists.
45, 173 -> Path Exists!
88, 248 -> Path Exists!
97, 78 -> No Path Exists.
28, 223 -> No Path Exists.
72, 57 -> No Path Exists.
124, 217 -> No Path Exists.
83, 97 -> Path Exists!
23, 171 -> Path Exists!
132, 205 -> Path Exists!
212, 178 -> Path Exists!
7, 160 -> No Path Exists.
208, 166 -> No Path Exists.
87, 62 -> Path Exists!
155, 184 -> Path Exists!
109, 52 -> No Path Exists.
55, 122 -> No Path Exists.
196, 174 -> Path Exists!
24, 48 -> Path Exists!
188, 197 -> Path Exists!
76, 178 -> No Path Exists.
86, 32 -> Path Exists!
92, 75 -> No Path Exists.
230, 154 -> Path Exists!
113, 24 -> Path Exists!
182, 230 -> Path Exists!
55, 93 -> Path Exists!
99, 231 -> No Path Exists.
216, 197 -> Path Exists!
188, 178 -> Path Exists!
72, 41 -> No Path Exists.
4, 32 -> Path Exists!
38, 170 -> No Path Exists.
244, 244 -> Path Exists!
231, 226 -> No Path Exists.
204, 234 -> Path Exists!
155, 178 -> Path Exists!
169, 122 -> No Path Exists.
198, 47 -> No Path Exists.
31, 149 -> No Path Exists.
184, 197 -> Path Exists!
148, 23 -> Path Exists!
54, 18 -> No Path Exists.
148, 211 -> No Path Exists.
180, 65 -> No Path Exists.
106, 213 -> Path Exists!
223, 178 -> Path Exists!
96, 96 -> Path Exists!
28, 238 -> No Path Exists.
144, 133 -> Path Exists!
117, 33 -> No Path Exists.
18, 125 -> Path Exists!
179, 216 -> Path Exists!
94, 125 -> Path Exists!
138, 248 -> No Path Exists.
169, 56 -> No Path Exists.
199, 124 -> No Path Exists.
199, 216 -> No Path Exists.
196, 105 -> Path Exists!
103, 199 -> No Path Exists.
119, 241 -> No Path Exists.
39, 16 -> Path Exists!
22, 247 -> Path Exists!
40, 117 -> No Path Exists.
210, 82 -> Path Exists!
133, 30 -> Path Exists!
5, 155 -> Path Exists!
148, 85 -> Path Exists!
168, 10 -> Path Exists!
85, 225 -> Path Exists!
75, 193 -> Path Exists!
163, 23 -> Path Exists!
117, 69 -> Path Exists!
90, 75 -> Path Exists!
90, 56 -> No Path Exists.
240, 61 -> Path Exists!
247, 222 -> Path Exists!
50, 242 -> No Path Exists.
140, 211 -> No Path Exists.
13, 126 -> No Path Exists.
248, 145 -> Path Exists!
62, 239 -> Path Exists!
113, 201 -> Path Exists!
