461, 623 -> No Path Exists.
200, 270 -> No Path Exists.
690, 906 -> Path Exists!
198, 156 -> No Path Exists.
11, 516 -> Path Exists!
730, 986 -> Path Exists!
454, 407 -> Path Exists!
155, 752 -> Path Exists!
396, 261 -> Path Exists!
197, 392 -> No Path Exists.
113, 553 -> Path Exists!
200, 592 -> No Path Exists.
531, 457 -> Path Exists!
653, 373 -> Path Exists!
732, 900 -> Path Exists!
582, 864 -> No Path Exists.
853, 818 -> Path Exists!
514, 513 -> Path Exists!
724, 854 -> No Path Exists.
510, 479 -> Path Exists!
864, 589 -> No Path Exists.
553, 177 -> No Path Exists.
713, 374 -> No Path Exists.
823, 847 -> Path Exists!
960, 154 -> Path Exists!
559, 382 -> Path Exists!
700, 939 -> Path Exists!
718, 843 -> Path Exists!
127, 25 -> Path Exists!
888, 185 -> Path Exists!
225, 564 -> Path Exists!
656, 145 -> Path Exists!
577, 847 -> Path Exists!
946, 351 -> Path Exists!
207, 827 -> Path Exists!
687, 429 -> Path Exists!
695, 445 -> No Path Exists.
861, 984 -> No Path Exists.
627, 639 -> Path Exists!
646, 783 -> Path Exists!
644, 1 -> Path Exists!
115, 788 -> No Path Exists.
49, 361 -> Path Exists!
672, 807 -> No Path Exists.
816, 771 -> No Path Exists.
984, 787 -> Path Exists!
480, 397 -> Path Exists!
272, 206 -> Path Exists!
505, 459 -> Path Exists!
530, 999 -> No Path Exists.
440, 547 -> Path Exists!
819, 247 -> Path Exists!
887, 488 -> No Path Exists.
111, 73 -> Path Exists!
284, 552 -> No Path Exists.
632, 867 -> Path Exists!
109, 999 -> Path Exists!
70, 359 -> Path Exists!
955, 309 -> No Path Exists.
329, 73 -> Path Exists!
315, 57 -> No Path Exists.
84, 89 -> Path Exists!
767, 423 -> Path Exists!
47, 750 -> Path Exists!
174, 246 -> No Path Exists.
124, 578 -> No Path Exists.
714, 974 -> No Path Exists.
825, 106 -> No Path Exists.
166, 700 -> Path Exists!
423, 866 -> Path Exists!
351, 760 -> Path Exists!
914, 536 -> Path Exists!
928, 871 -> No Path Exists.
389, 331 -> No Path Exists.
798, 584 -> Path Exists!
750, 716 -> Path Exists!
596, 416 -> Path Exists!
365, 171 -> Path Exists!
167, 583 -> Path Exists!
121, 30 -> Path Exists!
692, 613 -> No Path Exists.
608, 666 -> No Path Exists.
504, 358 -> Path Exists!
524, 813 -> Path Exists!
28, 477 -> Path Exists!
691, 434 -> Path Exists!
226, 81 -> Path Exists!
123, 409 -> Path Exists!
521, 651 -> No Path Exists.
717, 856 -> Path Exists!
913, 400 -> No Path Exists.
775, 294 -> No Path Exists.
575, 446 -> No Path Exists.
516, 123 -> Path Exists!
708, 767 -> Path Exists!
736, 313 -> Path Exists!
871, 824 -> Path Exists!
179, 693 -> No Path Exists.
296, 150 -> No Path Exists.
614, 862 -> Path Exists!
